
> 5-point-education-hub@0.1.0 dev
> next dev -p 3000

  ▲ Next.js 14.2.18
  - Local:        http://localhost:3000
  - Environments: .env

 ✓ Starting...
 ✓ Ready in 2.3s
 ○ Compiling /middleware ...
 ✓ Compiled /middleware in 1228ms (123 modules)
 ○ Compiling /dashboard/reception/teacher-fees ...
 ✓ Compiled /dashboard/reception/teacher-fees in 4.3s (945 modules)
 GET /dashboard/reception/teacher-fees 200 in 5104ms
 ✓ Compiled in 866ms (468 modules)
 ○ Compiling /api/teacher-fee-sheets ...
 ✓ Compiled /api/teacher-fee-sheets in 1565ms (508 modules)
 ✓ Compiled (592 modules)
 GET /favicon.ico 200 in 2065ms
 GET /api/teacher-fee-sheets?month=2026-05 200 in 3431ms
 GET /api/teacher-fee-sheets?month=2026-05 200 in 1151ms
 GET /api/teacher-fee-sheets?month=2026-05&batchId=cmnxbpxof000b140nex0vs07d 200 in 1405ms
 GET /api/teacher-fee-sheets?month=2026-05 200 in 503ms
 GET /api/teacher-fee-sheets?month=2026-05&batchId=cmnxbpxof000b140nex0vs07d 200 in 862ms
 GET /api/teacher-fee-sheets?month=2026-05&teacherId=8f9f3d2d-644f-4dd4-b5fb-eecfb64d9e2a 200 in 723ms
 GET /api/teacher-fee-sheets?month=2026-05&batchId=cmnxbpxof000b140nex0vs07d&teacherId=8f9f3d2d-644f-4dd4-b5fb-eecfb64d9e2a 400 in 773ms
 GET /api/teacher-fee-sheets?month=2026-05&teacherId=8f9f3d2d-644f-4dd4-b5fb-eecfb64d9e2a 200 in 342ms
 GET /api/teacher-fee-sheets?month=2026-05&batchId=cmoa6qoc50003eb3rwtx5kf0p&teacherId=8f9f3d2d-644f-4dd4-b5fb-eecfb64d9e2a 200 in 1212ms
 GET /api/teacher-fee-sheets?month=2026-05&batchId=cmoa6qoc50003eb3rwtx5kf0p&teacherId=8f9f3d2d-644f-4dd4-b5fb-eecfb64d9e2a 200 in 829ms
